I'm sorry, but errors were detected in your script. Please correct the
errors listed below, and try again.


File "game/script.rpy", line 464: expected menuitem
    label exit_shop:
    ^

Ren'Py Version: Ren'Py 6.99.13.2919
